// Bun Snapshot v1, https://bun.sh/docs/test/snapshots

exports[`status matrix for all passes × 24 half-months 1`] = `
[
  "rrrrooooooooooooooorrrrr  cirque-du-fer-a-cheval",
  "rrrrooooooooooooooorrrrr  col-d-ornon",
  "rrrrooooooooooooooorrrrr  col-de-braus",
  "rrrrooooooooooooooorrrrr  col-de-la-forclaz-de-montmin",
  "rrrrooooooooooooooorrrrr  col-de-la-madone",
  "rrrrooooooooooooooorrrrr  col-de-romme",
  "rrrrooooooooooooooorrrrr  col-de-vence",
  "rrrrooooooooooooooorrrrr  col-des-aravis",
  "rrrrooooooooooooooorrrrr  col-des-saisies",
  "rrrrooooooooooooooorrrrr  col-du-chaussy",
  "rrrrooooooooooooooorrrrr  col-du-rousset",
  "rrrrooooooooooooooorrrrr  col-du-telegraphe",
  "rrrrooooooooooooooorrrrr  col-saint-martin",
  "rrrrooooooooooooooorrrrr  combe-laval",
  "rrrrooooooooooooooorrrrr  corniche-sublime",
  "rrrrooooooooooooooorrrrr  gorges-de-daluis",
  "rrrrooooooooooooooorrrrr  gorges-de-la-bourne",
  "rrrrooooooooooooooorrrrr  gorges-de-la-nesque",
  "rrrrooooooooooooooorrrrr  gorges-du-cians",
  "rrrrooooooooooooooorrrrr  gorges-du-guil",
  "rrrrooooooooooooooorrrrr  gorges-du-nan",
  "rrrrooooooooooooooorrrrr  le-chazelet",
  "rrrrooooooooooooooorrrrr  pra-loup",
  "rrrrooooooooooooooorrrrr  route-de-presles",
  "rrrrrrroooooooooooorrrrr  col-de-la-couillole",
  "rrrrrrroooooooooooorrrrr  col-de-montgenevre",
  "rrrrrrroooooooooooorrrrr  les-arcs",
  "rrrrrrroooooooooooorrrrr  orcieres-merlette",
  "rrrrrrrooorrrrrrooorrrrr  col-de-turini",
  "rrrrrrrorrrrrrroooorrrrr  passo-duran",
  "rrrrrrrrrooooooooorrrrrr  kitzbueheler-horn",
  "rrrrrrrrrooooooooorrrrrr  val-thorens",
  "rrrrrrrrroooorroooorrrrr  col-du-lautaret",
  "rrrrrrrrrooorrrrooorrrrr  passo-del-mortirolo",
  "rrrrrrrrroroooooooorrrrr  passo-fedaia",
  "rrrrrrrrroroooooooorrrrr  passo-gardena",
  "rrrrrrrrroroooooooorrrrr  passo-monte-croce-comelico",
  "rrrrrrrrrorooooooorrrrrr  passo-pordoi",
  "rrrrrrrrrorooooooorrrrrr  passo-sella",
  "rrrrrrrrroroorooooorrrrr  simplonpass",
  "rrrrrrrrroroorooooorrrrr  turracher-hoehe",
  "rrrrrrrrroroorroooorrrrr  alpe-d-huez",
  "rrrrrrrrrroooooooorrrrrr  julierpass",
  "rrrrrrrrrroooooooorrrrrr  ofenpass",
  "rrrrrrrrrroooooooorrrrrr  passo-del-foscagno",
  "rrrrrrrrrrooooooorrrrrrr  berninapass",
  "rrrrrrrrrrorrrrroorrrrrr  malojapass",
  "rrrrrrrrrrroooooooorrrrr  passo-del-tonale",
  "rrrrrrrrrrrooooooorrrrrr  arlbergpass",
  "rrrrrrrrrrrooooooorrrrrr  kuehtai",
  "rrrrrrrrrrrooooorrrrrrrr  oetztaler-gletscherstrasse",
  "rrrrrrrrrrroorooooorrrrr  passo-campolongo",
  "rrrrrrrrrrroorooooorrrrr  passo-san-pellegrino",
  "rrrrrrrrrrrooroooorrrrrr  passo-falzarego",
  "rrrrrrrrrrrooroooorrrrrr  passo-valparola",
  "rrrrrrrrrrrorrooooorrrrr  monte-zoncolan",
  "rrrrrrrrrrrorrooooorrrrr  passo-rolle",
  "rrrrrrrrrrrorrrooorrrrrr  gerlospass",
  "rrrrrrrrrrrrroooooorrrrr  rossfeld-panoramastrasse",
  "rrrrrrrrrrrrrrooooorrrrr  passo-staulanza",
  "xxxxxxxrooooooooooorrxxx  semnoz",
  "xxxxxxxxroooooooooorrxxx  col-de-la-ramaz",
  "xxxxxxxxroooooooooorrxxx  col-du-mollard",
  "xxxxxxxxroooooooooorrxxx  col-du-noyer",
  "xxxxxxxxroooooooooorxxxx  plateau-des-glieres",
  "xxxxxxxxroooooooooorxxxx  vallee-de-l-ubaye",
  "xxxxxxxxroooooooooorxxxx  vallee-de-la-claree",
  "xxxxxxxxroooooooooorxxxx  villacher-alpenstrasse",
  "xxxxxxxxroroooooooorrrxx  col-de-joux-plane",
  "xxxxxxxxroroooooooorxxxx  vrsic",
  "xxxxxxxxrorooroooorrxxxx  nockalmstrasse",
  "xxxxxxxxroroorroooorrrxx  col-de-la-colombiere",
  "xxxxxxxxrrooorroooorrxxx  col-de-vars",
  "xxxxxxxxrrorrrrrooorrxxx  mont-ventoux",
  "xxxxxxxxrrrooroooorrrxxx  passo-giau",
  "xxxxxxxxrrrorrooorrrxxxx  grossglockner-hochalpenstrasse",
  "xxxxxxxxxrooooooooorxxxx  col-d-allos",
  "xxxxxxxxxrooooooooorxxxx  col-de-sarenne",
  "xxxxxxxxxrooooooooorxxxx  col-des-champs",
  "xxxxxxxxxrooooooooorxxxx  col-du-mont-cenis",
  "xxxxxxxxxrooooooooorxxxx  col-du-pre",
  "xxxxxxxxxrooooooooorxxxx  colle-san-carlo",
  "xxxxxxxxxroooooooorrrxxx  jaufenpass",
  "xxxxxxxxxroooooooorrrxxx  lukmanierpass",
  "xxxxxxxxxroooooooorrxxxx  gotthard-tremola",
  "xxxxxxxxxroooooooorrxxxx  oberalppass",
  "xxxxxxxxxroooooooorrxxxx  penserjoch",
  "xxxxxxxxxroooooooorxxxxx  col-du-petit-saint-bernard",
  "xxxxxxxxxroorooooorrxxxx  klausenpass",
  "xxxxxxxxxroorrrroorrxxxx  spluegenpass",
  "xxxxxxxxxrroooooooorxxxx  cormet-de-roselend",
  "xxxxxxxxxrroooooooorxxxx  hahntennjoch",
  "xxxxxxxxxrroooooooorxxxx  soelkpass",
  "xxxxxxxxxrrooooooorrxxxx  albulapass",
  "xxxxxxxxxrrooooooorrxxxx  passo-san-bernardino",
  "xxxxxxxxxrroooooorrxxxxx  flueelapass",
  "xxxxxxxxxrroooooorrxxxxx  passo-dello-stelvio",
  "xxxxxxxxxrroooooorrxxxxx  umbrailpass",
  "xxxxxxxxxrrooroooorxxxxx  malta-hochalmstrasse",
  "xxxxxxxxxrrorrroooorxxxx  col-de-la-croix-de-fer",
  "xxxxxxxxxrrorrrooorrxxxx  col-d-izoard",
  "xxxxxxxxxrrorrrrooorxxxx  col-de-la-madeleine",
  "xxxxxxxxxrrorrrrooorxxxx  col-du-glandon",
  "xxxxxxxxxrrorrrroorrxxxx  col-de-la-cayolle",
  "xxxxxxxxxrrrrrrrooorxxxx  passo-crocedomini",
  "xxxxxxxxxrrrrrrrooorxxxx  passo-delle-erbe",
  "xxxxxxxxxrrrrrrrooorxxxx  passo-manghen",
  "xxxxxxxxxrrrrrrroorxxxxx  colle-delle-finestre",
  "xxxxxxxxxxrooooooorrxxxx  mangart-sattel",
  "xxxxxxxxxxrooooooorrxxxx  silvretta-hochalpenstrasse",
  "xxxxxxxxxxrooooooorxxxxx  col-de-tende",
  "xxxxxxxxxxrooooooorxxxxx  col-du-granon",
  "xxxxxxxxxxrooooooorxxxxx  colle-fauniera",
  "xxxxxxxxxxrooooooorxxxxx  grosse-scheidegg",
  "xxxxxxxxxxrooooooorxxxxx  vallee-des-chapieux",
  "xxxxxxxxxxroooooorrxxxxx  col-de-la-bonette",
  "xxxxxxxxxxroooooorrxxxxx  col-du-galibier",
  "xxxxxxxxxxroooooorrxxxxx  furkapass",
  "xxxxxxxxxxroooooorrxxxxx  nufenenpass",
  "xxxxxxxxxxroooooorrxxxxx  sustenpass",
  "xxxxxxxxxxroooooorxxxxxx  col-de-l-iseran",
  "xxxxxxxxxxroooooorxxxxxx  col-du-grand-saint-bernard",
  "xxxxxxxxxxroooooorxxxxxx  colle-dell-agnello",
  "xxxxxxxxxxroooooorxxxxxx  passo-di-gavia",
  "xxxxxxxxxxrooroooorxxxxx  grimselpass",
  "xxxxxxxxxxrooroooorxxxxx  tre-cime-di-lavaredo",
  "xxxxxxxxxxroorooorrxxxxx  timmelsjoch",
  "xxxxxxxxxxroorrooorxxxxx  col-de-la-lombarde",
  "xxxxxxxxxxroorrooorxxxxx  col-de-la-loze",
  "xxxxxxxxxxrorrroorxxxxxx  colle-del-nivolet",
  "xxxxxxxxxxrroooooorxxxxx  colle-di-sampeyre",
  "xxxxxxxxxxrrrrrroorxxxxx  passo-san-marco",
]
`;
