// Bun Snapshot v1, https://bun.sh/docs/test/snapshots

exports[`status matrix for all passes × 24 half-months 1`] = `
[
  "rrrrrorooooooooooooooorr  col-de-turini",
  "rrrrrrroooooooooooooorrr  col-de-la-couillole",
  "rrrrrrroooooooooooooorrr  passo-duran",
  "rrrrrrrooooooooooooorrrr  monte-zoncolan",
  "rrrrrrrroooooooooooorrrr  passo-del-mortirolo",
  "rrrrrrrroooooooooooorrrr  passo-monte-croce-comelico",
  "rrrrrrrroooooooooooorrrr  passo-staulanza",
  "rrrrrrrroooooooooooorrrr  rossfeld-panoramastrasse",
  "rrrrrrrrrooooooooooorrrr  alpe-d-huez",
  "rrrrrrrrrooooooooooorrrr  col-du-lautaret",
  "rrrrrrrrrooooooooooorrrr  passo-fedaia",
  "rrrrrrrrrooooooooooorrrr  passo-gardena",
  "rrrrrrrrrooooooooooorrrr  passo-pordoi",
  "rrrrrrrrrooooooooooorrrr  passo-rolle",
  "rrrrrrrrrooooooooooorrrr  passo-san-pellegrino",
  "rrrrrrrrrooooooooooorrrr  passo-sella",
  "rrrrrrrrrooooooooooorrrr  simplonpass",
  "rrrrrrrrrooooooooooorrrr  turracher-hoehe",
  "rrrrrrrrroooooooooorrrrr  kitzbueheler-horn",
  "rrrrrrrrrroooooooooorrrr  passo-campolongo",
  "rrrrrrrrrroooooooooorrrr  passo-del-tonale",
  "rrrrrrrrrroooooooooorrrr  passo-falzarego",
  "rrrrrrrrrroooooooooorrrr  passo-valparola",
  "rrrrrrrrrroooooooororrrr  arlbergpass",
  "rrrrrrrrrroooooooororrrr  gerlospass",
  "rrrrrrrrrroooooooororrrr  julierpass",
  "rrrrrrrrrroooooooororrrr  kuehtai",
  "rrrrrrrrrroooooooororrrr  malojapass",
  "rrrrrrrrrroooooooororrrr  passo-del-foscagno",
  "rrrrrrrrrroooooooorrrrrr  berninapass",
  "rrrrrrrrrroooooooorrrrrr  ofenpass",
  "rrrrrrrrrrroooooorrrrrrr  oetztaler-gletscherstrasse",
  "xxxxxxxxrooooooooooorrxx  col-de-joux-plane",
  "xxxxxxxxrooooooooooorrxx  col-de-la-colombiere",
  "xxxxxxxxroooooooooorxxxx  nockalmstrasse",
  "xxxxxxxxroooooooooorxxxx  villacher-alpenstrasse",
  "xxxxxxxxroooooooooorxxxx  vrsic",
  "xxxxxxxxrrooooooooorrxxx  col-de-vars",
  "xxxxxxxxrrooooooooorrxxx  mont-ventoux",
  "xxxxxxxxrrooooooooorrxxx  passo-giau",
  "xxxxxxxxrrooooooorrrxxxx  grossglockner-hochalpenstrasse",
  "xxxxxxxxxrooooooooorrxxx  jaufenpass",
  "xxxxxxxxxrooooooooorrxxx  lukmanierpass",
  "xxxxxxxxxrooooooooorxxxx  col-d-allos",
  "xxxxxxxxxrooooooooorxxxx  col-de-la-croix-de-fer",
  "xxxxxxxxxrooooooooorxxxx  col-de-la-madeleine",
  "xxxxxxxxxrooooooooorxxxx  col-des-champs",
  "xxxxxxxxxrooooooooorxxxx  col-du-glandon",
  "xxxxxxxxxrooooooooorxxxx  col-du-mont-cenis",
  "xxxxxxxxxrooooooooorxxxx  colle-san-carlo",
  "xxxxxxxxxrooooooooorxxxx  cormet-de-roselend",
  "xxxxxxxxxrooooooooorxxxx  hahntennjoch",
  "xxxxxxxxxrooooooooorxxxx  passo-crocedomini",
  "xxxxxxxxxrooooooooorxxxx  passo-delle-erbe",
  "xxxxxxxxxrooooooooorxxxx  passo-manghen",
  "xxxxxxxxxrooooooooorxxxx  passo-san-bernardino",
  "xxxxxxxxxrooooooooorxxxx  penserjoch",
  "xxxxxxxxxrooooooooorxxxx  soelkpass",
  "xxxxxxxxxrooooooooorxxxx  spluegenpass",
  "xxxxxxxxxroooooooorrxxxx  gotthard-tremola",
  "xxxxxxxxxroooooooorrxxxx  klausenpass",
  "xxxxxxxxxroooooooorrxxxx  oberalppass",
  "xxxxxxxxxroooooooorxxxxx  col-du-petit-saint-bernard",
  "xxxxxxxxxroooooooorxxxxx  colle-delle-finestre",
  "xxxxxxxxxroooooooorxxxxx  malta-hochalmstrasse",
  "xxxxxxxxxrrooooooorrxxxx  albulapass",
  "xxxxxxxxxrrooooooorrxxxx  col-d-izoard",
  "xxxxxxxxxrrooooooorrxxxx  col-de-la-cayolle",
  "xxxxxxxxxrrooooooorxxxxx  passo-dello-stelvio",
  "xxxxxxxxxrrooooooorxxxxx  umbrailpass",
  "xxxxxxxxxrroooooorrxxxxx  flueelapass",
  "xxxxxxxxxxroooooooorxxxx  mangart-sattel",
  "xxxxxxxxxxrooooooorrxxxx  silvretta-hochalpenstrasse",
  "xxxxxxxxxxrooooooorxxxxx  col-de-la-bonette",
  "xxxxxxxxxxrooooooorxxxxx  col-de-la-lombarde",
  "xxxxxxxxxxrooooooorxxxxx  col-de-la-loze",
  "xxxxxxxxxxrooooooorxxxxx  col-du-galibier",
  "xxxxxxxxxxrooooooorxxxxx  colle-di-sampeyre",
  "xxxxxxxxxxrooooooorxxxxx  colle-fauniera",
  "xxxxxxxxxxrooooooorxxxxx  furkapass",
  "xxxxxxxxxxrooooooorxxxxx  grimselpass",
  "xxxxxxxxxxrooooooorxxxxx  grosse-scheidegg",
  "xxxxxxxxxxrooooooorxxxxx  nufenenpass",
  "xxxxxxxxxxrooooooorxxxxx  passo-san-marco",
  "xxxxxxxxxxrooooooorxxxxx  sustenpass",
  "xxxxxxxxxxrooooooorxxxxx  tre-cime-di-lavaredo",
  "xxxxxxxxxxroooooorrxxxxx  timmelsjoch",
  "xxxxxxxxxxroooooorxxxxxx  col-de-l-iseran",
  "xxxxxxxxxxroooooorxxxxxx  col-du-grand-saint-bernard",
  "xxxxxxxxxxroooooorxxxxxx  colle-del-nivolet",
  "xxxxxxxxxxroooooorxxxxxx  colle-dell-agnello",
  "xxxxxxxxxxroooooorxxxxxx  passo-di-gavia",
]
`;
